------------------------------------------------------------
Timing Analyzer Summary
------------------------------------------------------------

Type  : Slow 850mV 100C Model Setup 'clk'
Slack : 4.810
TNS   : 0.000

Type  : Slow 850mV 100C Model Hold 'clk'
Slack : 0.273
TNS   : 0.000

Type  : Slow 850mV 100C Model Recovery 'clk'
Slack : 13.070
TNS   : 0.000

Type  : Slow 850mV 100C Model Removal 'clk'
Slack : 4.578
TNS   : 0.000

Type  : Slow 850mV 100C Model Minimum Pulse Width 'clk'
Slack : 4.456
TNS   : 0.000

Type  : Slow 850mV -40C Model Setup 'clk'
Slack : 4.362
TNS   : 0.000

Type  : Slow 850mV -40C Model Hold 'clk'
Slack : 0.481
TNS   : 0.000

Type  : Slow 850mV -40C Model Recovery 'clk'
Slack : 13.678
TNS   : 0.000

Type  : Slow 850mV -40C Model Removal 'clk'
Slack : 4.288
TNS   : 0.000

Type  : Slow 850mV -40C Model Minimum Pulse Width 'clk'
Slack : 4.129
TNS   : 0.000

Type  : Fast 850mV 100C Model Setup 'clk'
Slack : 10.885
TNS   : 0.000

Type  : Fast 850mV 100C Model Hold 'clk'
Slack : 0.112
TNS   : 0.000

Type  : Fast 850mV 100C Model Recovery 'clk'
Slack : 15.550
TNS   : 0.000

Type  : Fast 850mV 100C Model Removal 'clk'
Slack : 2.348
TNS   : 0.000

Type  : Fast 850mV 100C Model Minimum Pulse Width 'clk'
Slack : 5.000
TNS   : 0.000

Type  : Fast 850mV -40C Model Setup 'clk'
Slack : 11.599
TNS   : 0.000

Type  : Fast 850mV -40C Model Hold 'clk'
Slack : 0.144
TNS   : 0.000

Type  : Fast 850mV -40C Model Recovery 'clk'
Slack : 16.156
TNS   : 0.000

Type  : Fast 850mV -40C Model Removal 'clk'
Slack : 2.078
TNS   : 0.000

Type  : Fast 850mV -40C Model Minimum Pulse Width 'clk'
Slack : 5.000
TNS   : 0.000

------------------------------------------------------------
