Timing Analyzer report for MOA
Mon Oct  8 18:58:01 2018
Quartus Prime Version 18.0.0 Build 614 04/24/2018 SJ Standard Edition


---------------------
; Table of Contents ;
---------------------
  1. Legal Notice
  2. Timing Analyzer Summary
  3. Parallel Compilation
  4. SDC File List
  5. Clocks
  6. Slow 850mV 100C Model Fmax Summary
  7. Timing Closure Recommendations
  8. Slow 850mV 100C Model Setup Summary
  9. Slow 850mV 100C Model Hold Summary
 10. Slow 850mV 100C Model Recovery Summary
 11. Slow 850mV 100C Model Removal Summary
 12. Slow 850mV 100C Model Minimum Pulse Width Summary
 13. Slow 850mV 100C Model Metastability Summary
 14. Slow 850mV -40C Model Fmax Summary
 15. Slow 850mV -40C Model Setup Summary
 16. Slow 850mV -40C Model Hold Summary
 17. Slow 850mV -40C Model Recovery Summary
 18. Slow 850mV -40C Model Removal Summary
 19. Slow 850mV -40C Model Minimum Pulse Width Summary
 20. Slow 850mV -40C Model Metastability Summary
 21. Fast 850mV 100C Model Setup Summary
 22. Fast 850mV 100C Model Hold Summary
 23. Fast 850mV 100C Model Recovery Summary
 24. Fast 850mV 100C Model Removal Summary
 25. Fast 850mV 100C Model Minimum Pulse Width Summary
 26. Fast 850mV 100C Model Metastability Summary
 27. Fast 850mV -40C Model Setup Summary
 28. Fast 850mV -40C Model Hold Summary
 29. Fast 850mV -40C Model Recovery Summary
 30. Fast 850mV -40C Model Removal Summary
 31. Fast 850mV -40C Model Minimum Pulse Width Summary
 32. Fast 850mV -40C Model Metastability Summary
 33. Multicorner Timing Analysis Summary
 34. Board Trace Model Assignments
 35. Input Transition Times
 36. Signal Integrity Metrics (Slow 900mv n40c Model)
 37. Signal Integrity Metrics (Slow 900mv 100c Model)
 38. Signal Integrity Metrics (Fast 900mv n40c Model)
 39. Signal Integrity Metrics (Fast 900mv 100c Model)
 40. Setup Transfers
 41. Hold Transfers
 42. Recovery Transfers
 43. Removal Transfers
 44. Report TCCS
 45. Report RSKM
 46. Unconstrained Paths Summary
 47. Clock Status Summary
 48. Timing Analyzer Messages



----------------
; Legal Notice ;
----------------
Copyright (C) 2018  Intel Corporation. All rights reserved.
Your use of Intel Corporation's design tools, logic functions 
and other software and tools, and its AMPP partner logic 
functions, and any output files from any of the foregoing 
(including device programming or simulation files), and any 
associated documentation or information are expressly subject 
to the terms and conditions of the Intel Program License 
Subscription Agreement, the Intel Quartus Prime License Agreement,
the Intel FPGA IP License Agreement, or other applicable license
agreement, including, without limitation, that your use is for
the sole purpose of programming logic devices manufactured by
Intel and sold by Intel or its authorized distributors.  Please
refer to the applicable agreement for further details.



+---------------------------------------------------------------------------------+
; Timing Analyzer Summary                                                         ;
+-----------------------+---------------------------------------------------------+
; Quartus Prime Version ; Version 18.0.0 Build 614 04/24/2018 SJ Standard Edition ;
; Timing Analyzer       ; Legacy Timing Analyzer                                  ;
; Revision Name         ; MOA                                                     ;
; Device Family         ; Stratix V                                               ;
; Device Name           ; 5SGXMABN3F45I4                                          ;
; Timing Models         ; Final                                                   ;
; Delay Model           ; Combined                                                ;
; Rise/Fall Delays      ; Enabled                                                 ;
+-----------------------+---------------------------------------------------------+


+------------------------------------------+
; Parallel Compilation                     ;
+----------------------------+-------------+
; Processors                 ; Number      ;
+----------------------------+-------------+
; Number detected on machine ; 8           ;
; Maximum allowed            ; 4           ;
;                            ;             ;
; Average used               ; 1.07        ;
; Maximum used               ; 4           ;
;                            ;             ;
; Usage by Processor         ; % Time Used ;
;     Processor 1            ; 100.0%      ;
;     Processor 2            ;   2.4%      ;
;     Processor 3            ;   2.2%      ;
;     Processor 4            ;   2.2%      ;
+----------------------------+-------------+


+---------------------------------------------------+
; SDC File List                                     ;
+---------------+--------+--------------------------+
; SDC File Path ; Status ; Read at                  ;
+---------------+--------+--------------------------+
; MOA.sdc       ; OK     ; Mon Oct  8 18:57:57 2018 ;
+---------------+--------+--------------------------+


+--------------------------------------------------------------------------------------------------------------------------------------------------------------------------------+
; Clocks                                                                                                                                                                         ;
+------------+------+--------+-----------+-------+-------+------------+-----------+-------------+-------+--------+-----------+------------+----------+--------+--------+---------+
; Clock Name ; Type ; Period ; Frequency ; Rise  ; Fall  ; Duty Cycle ; Divide by ; Multiply by ; Phase ; Offset ; Edge List ; Edge Shift ; Inverted ; Master ; Source ; Targets ;
+------------+------+--------+-----------+-------+-------+------------+-----------+-------------+-------+--------+-----------+------------+----------+--------+--------+---------+
; clk        ; Base ; 20.000 ; 50.0 MHz  ; 0.000 ; 5.000 ;            ;           ;             ;       ;        ;           ;            ;          ;        ;        ; { clk } ;
+------------+------+--------+-----------+-------+-------+------------+-----------+-------------+-------+--------+-----------+------------+----------+--------+--------+---------+


+-------------------------------------------------+
; Slow 850mV 100C Model Fmax Summary              ;
+-----------+-----------------+------------+------+
; Fmax      ; Restricted Fmax ; Clock Name ; Note ;
+-----------+-----------------+------------+------+
; 65.83 MHz ; 65.83 MHz       ; clk        ;      ;
+-----------+-----------------+------------+------+
This panel reports FMAX for every clock in the design, regardless of the user-specified clock periods.  FMAX is only computed for paths where the source and destination registers or ports are driven by the same clock.  Paths of different clocks, including generated clocks, are ignored.  For paths between a clock and its inversion, FMAX is computed as if the rising and falling edges are scaled along with FMAX, such that the duty cycle (in terms of a percentage) is maintained. Altera recommends that you always use clock constraints and other slack reports for sign-off analysis.


----------------------------------
; Timing Closure Recommendations ;
----------------------------------
HTML report is unavailable in plain text report export.


+-------------------------------------+
; Slow 850mV 100C Model Setup Summary ;
+-------+-------+---------------------+
; Clock ; Slack ; End Point TNS       ;
+-------+-------+---------------------+
; clk   ; 4.810 ; 0.000               ;
+-------+-------+---------------------+


+------------------------------------+
; Slow 850mV 100C Model Hold Summary ;
+-------+-------+--------------------+
; Clock ; Slack ; End Point TNS      ;
+-------+-------+--------------------+
; clk   ; 0.273 ; 0.000              ;
+-------+-------+--------------------+


+----------------------------------------+
; Slow 850mV 100C Model Recovery Summary ;
+-------+--------+-----------------------+
; Clock ; Slack  ; End Point TNS         ;
+-------+--------+-----------------------+
; clk   ; 13.070 ; 0.000                 ;
+-------+--------+-----------------------+


+---------------------------------------+
; Slow 850mV 100C Model Removal Summary ;
+-------+-------+-----------------------+
; Clock ; Slack ; End Point TNS         ;
+-------+-------+-----------------------+
; clk   ; 4.578 ; 0.000                 ;
+-------+-------+-----------------------+


+---------------------------------------------------+
; Slow 850mV 100C Model Minimum Pulse Width Summary ;
+-------+-------+-----------------------------------+
; Clock ; Slack ; End Point TNS                     ;
+-------+-------+-----------------------------------+
; clk   ; 4.456 ; 0.000                             ;
+-------+-------+-----------------------------------+


-----------------------------------------------
; Slow 850mV 100C Model Metastability Summary ;
-----------------------------------------------
No synchronizer chains to report.


+-------------------------------------------------+
; Slow 850mV -40C Model Fmax Summary              ;
+-----------+-----------------+------------+------+
; Fmax      ; Restricted Fmax ; Clock Name ; Note ;
+-----------+-----------------+------------+------+
; 63.95 MHz ; 63.95 MHz       ; clk        ;      ;
+-----------+-----------------+------------+------+
This panel reports FMAX for every clock in the design, regardless of the user-specified clock periods.  FMAX is only computed for paths where the source and destination registers or ports are driven by the same clock.  Paths of different clocks, including generated clocks, are ignored.  For paths between a clock and its inversion, FMAX is computed as if the rising and falling edges are scaled along with FMAX, such that the duty cycle (in terms of a percentage) is maintained. Altera recommends that you always use clock constraints and other slack reports for sign-off analysis.


+-------------------------------------+
; Slow 850mV -40C Model Setup Summary ;
+-------+-------+---------------------+
; Clock ; Slack ; End Point TNS       ;
+-------+-------+---------------------+
; clk   ; 4.362 ; 0.000               ;
+-------+-------+---------------------+


+------------------------------------+
; Slow 850mV -40C Model Hold Summary ;
+-------+-------+--------------------+
; Clock ; Slack ; End Point TNS      ;
+-------+-------+--------------------+
; clk   ; 0.481 ; 0.000              ;
+-------+-------+--------------------+


+----------------------------------------+
; Slow 850mV -40C Model Recovery Summary ;
+-------+--------+-----------------------+
; Clock ; Slack  ; End Point TNS         ;
+-------+--------+-----------------------+
; clk   ; 13.678 ; 0.000                 ;
+-------+--------+-----------------------+


+---------------------------------------+
; Slow 850mV -40C Model Removal Summary ;
+-------+-------+-----------------------+
; Clock ; Slack ; End Point TNS         ;
+-------+-------+-----------------------+
; clk   ; 4.288 ; 0.000                 ;
+-------+-------+-----------------------+


+---------------------------------------------------+
; Slow 850mV -40C Model Minimum Pulse Width Summary ;
+-------+-------+-----------------------------------+
; Clock ; Slack ; End Point TNS                     ;
+-------+-------+-----------------------------------+
; clk   ; 4.129 ; 0.000                             ;
+-------+-------+-----------------------------------+


-----------------------------------------------
; Slow 850mV -40C Model Metastability Summary ;
-----------------------------------------------
No synchronizer chains to report.


+-------------------------------------+
; Fast 850mV 100C Model Setup Summary ;
+-------+--------+--------------------+
; Clock ; Slack  ; End Point TNS      ;
+-------+--------+--------------------+
; clk   ; 10.885 ; 0.000              ;
+-------+--------+--------------------+


+------------------------------------+
; Fast 850mV 100C Model Hold Summary ;
+-------+-------+--------------------+
; Clock ; Slack ; End Point TNS      ;
+-------+-------+--------------------+
; clk   ; 0.112 ; 0.000              ;
+-------+-------+--------------------+


+----------------------------------------+
; Fast 850mV 100C Model Recovery Summary ;
+-------+--------+-----------------------+
; Clock ; Slack  ; End Point TNS         ;
+-------+--------+-----------------------+
; clk   ; 15.550 ; 0.000                 ;
+-------+--------+-----------------------+


+---------------------------------------+
; Fast 850mV 100C Model Removal Summary ;
+-------+-------+-----------------------+
; Clock ; Slack ; End Point TNS         ;
+-------+-------+-----------------------+
; clk   ; 2.348 ; 0.000                 ;
+-------+-------+-----------------------+


+---------------------------------------------------+
; Fast 850mV 100C Model Minimum Pulse Width Summary ;
+-------+-------+-----------------------------------+
; Clock ; Slack ; End Point TNS                     ;
+-------+-------+-----------------------------------+
; clk   ; 5.000 ; 0.000                             ;
+-------+-------+-----------------------------------+


-----------------------------------------------
; Fast 850mV 100C Model Metastability Summary ;
-----------------------------------------------
No synchronizer chains to report.


+-------------------------------------+
; Fast 850mV -40C Model Setup Summary ;
+-------+--------+--------------------+
; Clock ; Slack  ; End Point TNS      ;
+-------+--------+--------------------+
; clk   ; 11.599 ; 0.000              ;
+-------+--------+--------------------+


+------------------------------------+
; Fast 850mV -40C Model Hold Summary ;
+-------+-------+--------------------+
; Clock ; Slack ; End Point TNS      ;
+-------+-------+--------------------+
; clk   ; 0.144 ; 0.000              ;
+-------+-------+--------------------+


+----------------------------------------+
; Fast 850mV -40C Model Recovery Summary ;
+-------+--------+-----------------------+
; Clock ; Slack  ; End Point TNS         ;
+-------+--------+-----------------------+
; clk   ; 16.156 ; 0.000                 ;
+-------+--------+-----------------------+


+---------------------------------------+
; Fast 850mV -40C Model Removal Summary ;
+-------+-------+-----------------------+
; Clock ; Slack ; End Point TNS         ;
+-------+-------+-----------------------+
; clk   ; 2.078 ; 0.000                 ;
+-------+-------+-----------------------+


+---------------------------------------------------+
; Fast 850mV -40C Model Minimum Pulse Width Summary ;
+-------+-------+-----------------------------------+
; Clock ; Slack ; End Point TNS                     ;
+-------+-------+-----------------------------------+
; clk   ; 5.000 ; 0.000                             ;
+-------+-------+-----------------------------------+


-----------------------------------------------
; Fast 850mV -40C Model Metastability Summary ;
-----------------------------------------------
No synchronizer chains to report.


+-----------------------------------------------------------------------------+
; Multicorner Timing Analysis Summary                                         ;
+------------------+-------+-------+----------+---------+---------------------+
; Clock            ; Setup ; Hold  ; Recovery ; Removal ; Minimum Pulse Width ;
+------------------+-------+-------+----------+---------+---------------------+
; Worst-case Slack ; 4.362 ; 0.112 ; 13.070   ; 2.078   ; 4.129               ;
;  clk             ; 4.362 ; 0.112 ; 13.070   ; 2.078   ; 4.129               ;
; Design-wide TNS  ; 0.0   ; 0.0   ; 0.0      ; 0.0     ; 0.0                 ;
;  clk             ; 0.000 ; 0.000 ; 0.000    ; 0.000   ; 0.000               ;
+------------------+-------+-------+----------+---------+---------------------+


+----------------------------------------------------------------------------------------------------------------------------------------------------------------------------------------------------------------------------------------------------------------------------------------------------------------------------------------------------------------------------------------------------------------+
; Board Trace Model Assignments                                                                                                                                                                                                                                                                                                                                                                                  ;
+-------------+--------------+-------------------+-------------------------+-------------------------+---------------+---------------------+----------------+------------------+--------+------------------+------------------------+------------------------+--------------+---------------+-----------------+-------+---------------------+--------------------+---------------+-----------------+-------------+
; Pin         ; I/O Standard ; Near Tline Length ; Near Tline L per Length ; Near Tline C per Length ; Near Series R ; Near Differential R ; Near Pull-up R ; Near Pull-down R ; Near C ; Far Tline Length ; Far Tline L per Length ; Far Tline C per Length ; Far Series R ; Far Pull-up R ; Far Pull-down R ; Far C ; Termination Voltage ; Far Differential R ; EBD File Name ; EBD Signal Name ; EBD Far-end ;
+-------------+--------------+-------------------+-------------------------+-------------------------+---------------+---------------------+----------------+------------------+--------+------------------+------------------------+------------------------+--------------+---------------+-----------------+-------+---------------------+--------------------+---------------+-----------------+-------------+
; out_data[0] ; 2.5 V        ; 0 in              ; 0 H/in                  ; 0 F/in                  ; short         ; -                   ; open           ; open             ; open   ; 0 in             ; 0 H/in                 ; 0 F/in                 ; short        ; open          ; open            ; open  ; 0 V                 ; -                  ; n/a           ; n/a             ; n/a         ;
; out_data[1] ; 2.5 V        ; 0 in              ; 0 H/in                  ; 0 F/in                  ; short         ; -                   ; open           ; open             ; open   ; 0 in             ; 0 H/in                 ; 0 F/in                 ; short        ; open          ; open            ; open  ; 0 V                 ; -                  ; n/a           ; n/a             ; n/a         ;
; out_data[2] ; 2.5 V        ; 0 in              ; 0 H/in                  ; 0 F/in                  ; short         ; -                   ; open           ; open             ; open   ; 0 in             ; 0 H/in                 ; 0 F/in                 ; short        ; open          ; open            ; open  ; 0 V                 ; -                  ; n/a           ; n/a             ; n/a         ;
; out_data[3] ; 2.5 V        ; 0 in              ; 0 H/in                  ; 0 F/in                  ; short         ; -                   ; open           ; open             ; open   ; 0 in             ; 0 H/in                 ; 0 F/in                 ; short        ; open          ; open            ; open  ; 0 V                 ; -                  ; n/a           ; n/a             ; n/a         ;
; out_valid   ; 2.5 V        ; 0 in              ; 0 H/in                  ; 0 F/in                  ; short         ; -                   ; open           ; open             ; open   ; 0 in             ; 0 H/in                 ; 0 F/in                 ; short        ; open          ; open            ; open  ; 0 V                 ; -                  ; n/a           ; n/a             ; n/a         ;
+-------------+--------------+-------------------+-------------------------+-------------------------+---------------+---------------------+----------------+------------------+--------+------------------+------------------------+------------------------+--------------+---------------+-----------------+-------+---------------------+--------------------+---------------+-----------------+-------------+


+--------------------------------------------------------------------+
; Input Transition Times                                             ;
+-----------------+--------------+-----------------+-----------------+
; Pin             ; I/O Standard ; 10-90 Rise Time ; 90-10 Fall Time ;
+-----------------+--------------+-----------------+-----------------+
; enable          ; 2.5 V        ; 2000 ps         ; 2000 ps         ;
; in_valid        ; 2.5 V        ; 2000 ps         ; 2000 ps         ;
; clk             ; 2.5 V        ; 2000 ps         ; 2000 ps         ;
; reset_n         ; 2.5 V        ; 2000 ps         ; 2000 ps         ;
; in_data[7][0]   ; 2.5 V        ; 2000 ps         ; 2000 ps         ;
; in_data[6][0]   ; 2.5 V        ; 2000 ps         ; 2000 ps         ;
; in_data[5][0]   ; 2.5 V        ; 2000 ps         ; 2000 ps         ;
; in_data[4][0]   ; 2.5 V        ; 2000 ps         ; 2000 ps         ;
; in_data[3][0]   ; 2.5 V        ; 2000 ps         ; 2000 ps         ;
; in_data[7][1]   ; 2.5 V        ; 2000 ps         ; 2000 ps         ;
; in_data[6][1]   ; 2.5 V        ; 2000 ps         ; 2000 ps         ;
; in_data[5][1]   ; 2.5 V        ; 2000 ps         ; 2000 ps         ;
; in_data[4][1]   ; 2.5 V        ; 2000 ps         ; 2000 ps         ;
; in_data[3][1]   ; 2.5 V        ; 2000 ps         ; 2000 ps         ;
; in_data[7][2]   ; 2.5 V        ; 2000 ps         ; 2000 ps         ;
; in_data[6][2]   ; 2.5 V        ; 2000 ps         ; 2000 ps         ;
; in_data[5][2]   ; 2.5 V        ; 2000 ps         ; 2000 ps         ;
; in_data[4][2]   ; 2.5 V        ; 2000 ps         ; 2000 ps         ;
; in_data[3][2]   ; 2.5 V        ; 2000 ps         ; 2000 ps         ;
; in_data[7][3]   ; 2.5 V        ; 2000 ps         ; 2000 ps         ;
; in_data[6][3]   ; 2.5 V        ; 2000 ps         ; 2000 ps         ;
; in_data[5][3]   ; 2.5 V        ; 2000 ps         ; 2000 ps         ;
; in_data[4][3]   ; 2.5 V        ; 2000 ps         ; 2000 ps         ;
; in_data[3][3]   ; 2.5 V        ; 2000 ps         ; 2000 ps         ;
; in_data[2][0]   ; 2.5 V        ; 2000 ps         ; 2000 ps         ;
; in_data[1][0]   ; 2.5 V        ; 2000 ps         ; 2000 ps         ;
; in_data[0][0]   ; 2.5 V        ; 2000 ps         ; 2000 ps         ;
; in_data[8][0]   ; 2.5 V        ; 2000 ps         ; 2000 ps         ;
; in_data[23][0]  ; 2.5 V        ; 2000 ps         ; 2000 ps         ;
; in_data[24][0]  ; 2.5 V        ; 2000 ps         ; 2000 ps         ;
; in_data[39][0]  ; 2.5 V        ; 2000 ps         ; 2000 ps         ;
; in_data[40][0]  ; 2.5 V        ; 2000 ps         ; 2000 ps         ;
; in_data[55][0]  ; 2.5 V        ; 2000 ps         ; 2000 ps         ;
; in_data[56][0]  ; 2.5 V        ; 2000 ps         ; 2000 ps         ;
; in_data[71][0]  ; 2.5 V        ; 2000 ps         ; 2000 ps         ;
; in_data[72][0]  ; 2.5 V        ; 2000 ps         ; 2000 ps         ;
; in_data[87][0]  ; 2.5 V        ; 2000 ps         ; 2000 ps         ;
; in_data[88][0]  ; 2.5 V        ; 2000 ps         ; 2000 ps         ;
; in_data[103][0] ; 2.5 V        ; 2000 ps         ; 2000 ps         ;
; in_data[104][0] ; 2.5 V        ; 2000 ps         ; 2000 ps         ;
; in_data[119][0] ; 2.5 V        ; 2000 ps         ; 2000 ps         ;
; in_data[120][0] ; 2.5 V        ; 2000 ps         ; 2000 ps         ;
; in_data[9][0]   ; 2.5 V        ; 2000 ps         ; 2000 ps         ;
; in_data[22][0]  ; 2.5 V        ; 2000 ps         ; 2000 ps         ;
; in_data[25][0]  ; 2.5 V        ; 2000 ps         ; 2000 ps         ;
; in_data[38][0]  ; 2.5 V        ; 2000 ps         ; 2000 ps         ;
; in_data[41][0]  ; 2.5 V        ; 2000 ps         ; 2000 ps         ;
; in_data[54][0]  ; 2.5 V        ; 2000 ps         ; 2000 ps         ;
; in_data[57][0]  ; 2.5 V        ; 2000 ps         ; 2000 ps         ;
; in_data[70][0]  ; 2.5 V        ; 2000 ps         ; 2000 ps         ;
; in_data[73][0]  ; 2.5 V        ; 2000 ps         ; 2000 ps         ;
; in_data[86][0]  ; 2.5 V        ; 2000 ps         ; 2000 ps         ;
; in_data[89][0]  ; 2.5 V        ; 2000 ps         ; 2000 ps         ;
; in_data[102][0] ; 2.5 V        ; 2000 ps         ; 2000 ps         ;
; in_data[105][0] ; 2.5 V        ; 2000 ps         ; 2000 ps         ;
; in_data[118][0] ; 2.5 V        ; 2000 ps         ; 2000 ps         ;
; in_data[121][0] ; 2.5 V        ; 2000 ps         ; 2000 ps         ;
; in_data[10][0]  ; 2.5 V        ; 2000 ps         ; 2000 ps         ;
; in_data[21][0]  ; 2.5 V        ; 2000 ps         ; 2000 ps         ;
; in_data[26][0]  ; 2.5 V        ; 2000 ps         ; 2000 ps         ;
; in_data[37][0]  ; 2.5 V        ; 2000 ps         ; 2000 ps         ;
; in_data[42][0]  ; 2.5 V        ; 2000 ps         ; 2000 ps         ;
; in_data[53][0]  ; 2.5 V        ; 2000 ps         ; 2000 ps         ;
; in_data[58][0]  ; 2.5 V        ; 2000 ps         ; 2000 ps         ;
; in_data[69][0]  ; 2.5 V        ; 2000 ps         ; 2000 ps         ;
; in_data[74][0]  ; 2.5 V        ; 2000 ps         ; 2000 ps         ;
; in_data[85][0]  ; 2.5 V        ; 2000 ps         ; 2000 ps         ;
; in_data[90][0]  ; 2.5 V        ; 2000 ps         ; 2000 ps         ;
; in_data[101][0] ; 2.5 V        ; 2000 ps         ; 2000 ps         ;
; in_data[106][0] ; 2.5 V        ; 2000 ps         ; 2000 ps         ;
; in_data[117][0] ; 2.5 V        ; 2000 ps         ; 2000 ps         ;
; in_data[122][0] ; 2.5 V        ; 2000 ps         ; 2000 ps         ;
; in_data[11][0]  ; 2.5 V        ; 2000 ps         ; 2000 ps         ;
; in_data[20][0]  ; 2.5 V        ; 2000 ps         ; 2000 ps         ;
; in_data[27][0]  ; 2.5 V        ; 2000 ps         ; 2000 ps         ;
; in_data[36][0]  ; 2.5 V        ; 2000 ps         ; 2000 ps         ;
; in_data[43][0]  ; 2.5 V        ; 2000 ps         ; 2000 ps         ;
; in_data[52][0]  ; 2.5 V        ; 2000 ps         ; 2000 ps         ;
; in_data[59][0]  ; 2.5 V        ; 2000 ps         ; 2000 ps         ;
; in_data[68][0]  ; 2.5 V        ; 2000 ps         ; 2000 ps         ;
; in_data[75][0]  ; 2.5 V        ; 2000 ps         ; 2000 ps         ;
; in_data[84][0]  ; 2.5 V        ; 2000 ps         ; 2000 ps         ;
; in_data[91][0]  ; 2.5 V        ; 2000 ps         ; 2000 ps         ;
; in_data[100][0] ; 2.5 V        ; 2000 ps         ; 2000 ps         ;
; in_data[107][0] ; 2.5 V        ; 2000 ps         ; 2000 ps         ;
; in_data[116][0] ; 2.5 V        ; 2000 ps         ; 2000 ps         ;
; in_data[123][0] ; 2.5 V        ; 2000 ps         ; 2000 ps         ;
; in_data[12][0]  ; 2.5 V        ; 2000 ps         ; 2000 ps         ;
; in_data[19][0]  ; 2.5 V        ; 2000 ps         ; 2000 ps         ;
; in_data[28][0]  ; 2.5 V        ; 2000 ps         ; 2000 ps         ;
; in_data[35][0]  ; 2.5 V        ; 2000 ps         ; 2000 ps         ;
; in_data[44][0]  ; 2.5 V        ; 2000 ps         ; 2000 ps         ;
; in_data[51][0]  ; 2.5 V        ; 2000 ps         ; 2000 ps         ;
; in_data[60][0]  ; 2.5 V        ; 2000 ps         ; 2000 ps         ;
; in_data[67][0]  ; 2.5 V        ; 2000 ps         ; 2000 ps         ;
; in_data[76][0]  ; 2.5 V        ; 2000 ps         ; 2000 ps         ;
; in_data[83][0]  ; 2.5 V        ; 2000 ps         ; 2000 ps         ;
; in_data[92][0]  ; 2.5 V        ; 2000 ps         ; 2000 ps         ;
; in_data[99][0]  ; 2.5 V        ; 2000 ps         ; 2000 ps         ;
; in_data[108][0] ; 2.5 V        ; 2000 ps         ; 2000 ps         ;
; in_data[115][0] ; 2.5 V        ; 2000 ps         ; 2000 ps         ;
; in_data[124][0] ; 2.5 V        ; 2000 ps         ; 2000 ps         ;
; in_data[2][1]   ; 2.5 V        ; 2000 ps         ; 2000 ps         ;
; in_data[1][1]   ; 2.5 V        ; 2000 ps         ; 2000 ps         ;
; in_data[0][1]   ; 2.5 V        ; 2000 ps         ; 2000 ps         ;
; in_data[8][1]   ; 2.5 V        ; 2000 ps         ; 2000 ps         ;
; in_data[23][1]  ; 2.5 V        ; 2000 ps         ; 2000 ps         ;
; in_data[24][1]  ; 2.5 V        ; 2000 ps         ; 2000 ps         ;
; in_data[39][1]  ; 2.5 V        ; 2000 ps         ; 2000 ps         ;
; in_data[40][1]  ; 2.5 V        ; 2000 ps         ; 2000 ps         ;
; in_data[55][1]  ; 2.5 V        ; 2000 ps         ; 2000 ps         ;
; in_data[56][1]  ; 2.5 V        ; 2000 ps         ; 2000 ps         ;
; in_data[71][1]  ; 2.5 V        ; 2000 ps         ; 2000 ps         ;
; in_data[72][1]  ; 2.5 V        ; 2000 ps         ; 2000 ps         ;
; in_data[87][1]  ; 2.5 V        ; 2000 ps         ; 2000 ps         ;
; in_data[88][1]  ; 2.5 V        ; 2000 ps         ; 2000 ps         ;
; in_data[103][1] ; 2.5 V        ; 2000 ps         ; 2000 ps         ;
; in_data[104][1] ; 2.5 V        ; 2000 ps         ; 2000 ps         ;
; in_data[119][1] ; 2.5 V        ; 2000 ps         ; 2000 ps         ;
; in_data[120][1] ; 2.5 V        ; 2000 ps         ; 2000 ps         ;
; in_data[9][1]   ; 2.5 V        ; 2000 ps         ; 2000 ps         ;
; in_data[22][1]  ; 2.5 V        ; 2000 ps         ; 2000 ps         ;
; in_data[25][1]  ; 2.5 V        ; 2000 ps         ; 2000 ps         ;
; in_data[38][1]  ; 2.5 V        ; 2000 ps         ; 2000 ps         ;
; in_data[41][1]  ; 2.5 V        ; 2000 ps         ; 2000 ps         ;
; in_data[54][1]  ; 2.5 V        ; 2000 ps         ; 2000 ps         ;
; in_data[57][1]  ; 2.5 V        ; 2000 ps         ; 2000 ps         ;
; in_data[70][1]  ; 2.5 V        ; 2000 ps         ; 2000 ps         ;
; in_data[73][1]  ; 2.5 V        ; 2000 ps         ; 2000 ps         ;
; in_data[86][1]  ; 2.5 V        ; 2000 ps         ; 2000 ps         ;
; in_data[89][1]  ; 2.5 V        ; 2000 ps         ; 2000 ps         ;
; in_data[102][1] ; 2.5 V        ; 2000 ps         ; 2000 ps         ;
; in_data[105][1] ; 2.5 V        ; 2000 ps         ; 2000 ps         ;
; in_data[118][1] ; 2.5 V        ; 2000 ps         ; 2000 ps         ;
; in_data[121][1] ; 2.5 V        ; 2000 ps         ; 2000 ps         ;
; in_data[10][1]  ; 2.5 V        ; 2000 ps         ; 2000 ps         ;
; in_data[21][1]  ; 2.5 V        ; 2000 ps         ; 2000 ps         ;
; in_data[26][1]  ; 2.5 V        ; 2000 ps         ; 2000 ps         ;
; in_data[37][1]  ; 2.5 V        ; 2000 ps         ; 2000 ps         ;
; in_data[42][1]  ; 2.5 V        ; 2000 ps         ; 2000 ps         ;
; in_data[53][1]  ; 2.5 V        ; 2000 ps         ; 2000 ps         ;
; in_data[58][1]  ; 2.5 V        ; 2000 ps         ; 2000 ps         ;
; in_data[69][1]  ; 2.5 V        ; 2000 ps         ; 2000 ps         ;
; in_data[74][1]  ; 2.5 V        ; 2000 ps         ; 2000 ps         ;
; in_data[85][1]  ; 2.5 V        ; 2000 ps         ; 2000 ps         ;
; in_data[90][1]  ; 2.5 V        ; 2000 ps         ; 2000 ps         ;
; in_data[101][1] ; 2.5 V        ; 2000 ps         ; 2000 ps         ;
; in_data[106][1] ; 2.5 V        ; 2000 ps         ; 2000 ps         ;
; in_data[117][1] ; 2.5 V        ; 2000 ps         ; 2000 ps         ;
; in_data[122][1] ; 2.5 V        ; 2000 ps         ; 2000 ps         ;
; in_data[11][1]  ; 2.5 V        ; 2000 ps         ; 2000 ps         ;
; in_data[20][1]  ; 2.5 V        ; 2000 ps         ; 2000 ps         ;
; in_data[27][1]  ; 2.5 V        ; 2000 ps         ; 2000 ps         ;
; in_data[36][1]  ; 2.5 V        ; 2000 ps         ; 2000 ps         ;
; in_data[43][1]  ; 2.5 V        ; 2000 ps         ; 2000 ps         ;
; in_data[52][1]  ; 2.5 V        ; 2000 ps         ; 2000 ps         ;
; in_data[59][1]  ; 2.5 V        ; 2000 ps         ; 2000 ps         ;
; in_data[68][1]  ; 2.5 V        ; 2000 ps         ; 2000 ps         ;
; in_data[75][1]  ; 2.5 V        ; 2000 ps         ; 2000 ps         ;
; in_data[84][1]  ; 2.5 V        ; 2000 ps         ; 2000 ps         ;
; in_data[91][1]  ; 2.5 V        ; 2000 ps         ; 2000 ps         ;
; in_data[100][1] ; 2.5 V        ; 2000 ps         ; 2000 ps         ;
; in_data[107][1] ; 2.5 V        ; 2000 ps         ; 2000 ps         ;
; in_data[116][1] ; 2.5 V        ; 2000 ps         ; 2000 ps         ;
; in_data[123][1] ; 2.5 V        ; 2000 ps         ; 2000 ps         ;
; in_data[12][1]  ; 2.5 V        ; 2000 ps         ; 2000 ps         ;
; in_data[19][1]  ; 2.5 V        ; 2000 ps         ; 2000 ps         ;
; in_data[28][1]  ; 2.5 V        ; 2000 ps         ; 2000 ps         ;
; in_data[35][1]  ; 2.5 V        ; 2000 ps         ; 2000 ps         ;
; in_data[44][1]  ; 2.5 V        ; 2000 ps         ; 2000 ps         ;
; in_data[51][1]  ; 2.5 V        ; 2000 ps         ; 2000 ps         ;
; in_data[60][1]  ; 2.5 V        ; 2000 ps         ; 2000 ps         ;
; in_data[67][1]  ; 2.5 V        ; 2000 ps         ; 2000 ps         ;
; in_data[76][1]  ; 2.5 V        ; 2000 ps         ; 2000 ps         ;
; in_data[83][1]  ; 2.5 V        ; 2000 ps         ; 2000 ps         ;
; in_data[92][1]  ; 2.5 V        ; 2000 ps         ; 2000 ps         ;
; in_data[99][1]  ; 2.5 V        ; 2000 ps         ; 2000 ps         ;
; in_data[108][1] ; 2.5 V        ; 2000 ps         ; 2000 ps         ;
; in_data[115][1] ; 2.5 V        ; 2000 ps         ; 2000 ps         ;
; in_data[124][1] ; 2.5 V        ; 2000 ps         ; 2000 ps         ;
; in_data[2][2]   ; 2.5 V        ; 2000 ps         ; 2000 ps         ;
; in_data[1][2]   ; 2.5 V        ; 2000 ps         ; 2000 ps         ;
; in_data[0][2]   ; 2.5 V        ; 2000 ps         ; 2000 ps         ;
; in_data[8][2]   ; 2.5 V        ; 2000 ps         ; 2000 ps         ;
; in_data[23][2]  ; 2.5 V        ; 2000 ps         ; 2000 ps         ;
; in_data[24][2]  ; 2.5 V        ; 2000 ps         ; 2000 ps         ;
; in_data[39][2]  ; 2.5 V        ; 2000 ps         ; 2000 ps         ;
; in_data[40][2]  ; 2.5 V        ; 2000 ps         ; 2000 ps         ;
; in_data[55][2]  ; 2.5 V        ; 2000 ps         ; 2000 ps         ;
; in_data[56][2]  ; 2.5 V        ; 2000 ps         ; 2000 ps         ;
; in_data[71][2]  ; 2.5 V        ; 2000 ps         ; 2000 ps         ;
; in_data[72][2]  ; 2.5 V        ; 2000 ps         ; 2000 ps         ;
; in_data[87][2]  ; 2.5 V        ; 2000 ps         ; 2000 ps         ;
; in_data[88][2]  ; 2.5 V        ; 2000 ps         ; 2000 ps         ;
; in_data[103][2] ; 2.5 V        ; 2000 ps         ; 2000 ps         ;
; in_data[104][2] ; 2.5 V        ; 2000 ps         ; 2000 ps         ;
; in_data[119][2] ; 2.5 V        ; 2000 ps         ; 2000 ps         ;
; in_data[120][2] ; 2.5 V        ; 2000 ps         ; 2000 ps         ;
; in_data[9][2]   ; 2.5 V        ; 2000 ps         ; 2000 ps         ;
; in_data[22][2]  ; 2.5 V        ; 2000 ps         ; 2000 ps         ;
; in_data[25][2]  ; 2.5 V        ; 2000 ps         ; 2000 ps         ;
; in_data[38][2]  ; 2.5 V        ; 2000 ps         ; 2000 ps         ;
; in_data[41][2]  ; 2.5 V        ; 2000 ps         ; 2000 ps         ;
; in_data[54][2]  ; 2.5 V        ; 2000 ps         ; 2000 ps         ;
; in_data[57][2]  ; 2.5 V        ; 2000 ps         ; 2000 ps         ;
; in_data[70][2]  ; 2.5 V        ; 2000 ps         ; 2000 ps         ;
; in_data[73][2]  ; 2.5 V        ; 2000 ps         ; 2000 ps         ;
; in_data[86][2]  ; 2.5 V        ; 2000 ps         ; 2000 ps         ;
; in_data[89][2]  ; 2.5 V        ; 2000 ps         ; 2000 ps         ;
; in_data[102][2] ; 2.5 V        ; 2000 ps         ; 2000 ps         ;
; in_data[105][2] ; 2.5 V        ; 2000 ps         ; 2000 ps         ;
; in_data[118][2] ; 2.5 V        ; 2000 ps         ; 2000 ps         ;
; in_data[121][2] ; 2.5 V        ; 2000 ps         ; 2000 ps         ;
; in_data[10][2]  ; 2.5 V        ; 2000 ps         ; 2000 ps         ;
; in_data[21][2]  ; 2.5 V        ; 2000 ps         ; 2000 ps         ;
; in_data[26][2]  ; 2.5 V        ; 2000 ps         ; 2000 ps         ;
; in_data[37][2]  ; 2.5 V        ; 2000 ps         ; 2000 ps         ;
; in_data[42][2]  ; 2.5 V        ; 2000 ps         ; 2000 ps         ;
; in_data[53][2]  ; 2.5 V        ; 2000 ps         ; 2000 ps         ;
; in_data[58][2]  ; 2.5 V        ; 2000 ps         ; 2000 ps         ;
; in_data[69][2]  ; 2.5 V        ; 2000 ps         ; 2000 ps         ;
; in_data[74][2]  ; 2.5 V        ; 2000 ps         ; 2000 ps         ;
; in_data[85][2]  ; 2.5 V        ; 2000 ps         ; 2000 ps         ;
; in_data[90][2]  ; 2.5 V        ; 2000 ps         ; 2000 ps         ;
; in_data[101][2] ; 2.5 V        ; 2000 ps         ; 2000 ps         ;
; in_data[106][2] ; 2.5 V        ; 2000 ps         ; 2000 ps         ;
; in_data[117][2] ; 2.5 V        ; 2000 ps         ; 2000 ps         ;
; in_data[122][2] ; 2.5 V        ; 2000 ps         ; 2000 ps         ;
; in_data[11][2]  ; 2.5 V        ; 2000 ps         ; 2000 ps         ;
; in_data[20][2]  ; 2.5 V        ; 2000 ps         ; 2000 ps         ;
; in_data[27][2]  ; 2.5 V        ; 2000 ps         ; 2000 ps         ;
; in_data[36][2]  ; 2.5 V        ; 2000 ps         ; 2000 ps         ;
; in_data[43][2]  ; 2.5 V        ; 2000 ps         ; 2000 ps         ;
; in_data[52][2]  ; 2.5 V        ; 2000 ps         ; 2000 ps         ;
; in_data[59][2]  ; 2.5 V        ; 2000 ps         ; 2000 ps         ;
; in_data[68][2]  ; 2.5 V        ; 2000 ps         ; 2000 ps         ;
; in_data[75][2]  ; 2.5 V        ; 2000 ps         ; 2000 ps         ;
; in_data[84][2]  ; 2.5 V        ; 2000 ps         ; 2000 ps         ;
; in_data[91][2]  ; 2.5 V        ; 2000 ps         ; 2000 ps         ;
; in_data[100][2] ; 2.5 V        ; 2000 ps         ; 2000 ps         ;
; in_data[107][2] ; 2.5 V        ; 2000 ps         ; 2000 ps         ;
; in_data[116][2] ; 2.5 V        ; 2000 ps         ; 2000 ps         ;
; in_data[123][2] ; 2.5 V        ; 2000 ps         ; 2000 ps         ;
; in_data[12][2]  ; 2.5 V        ; 2000 ps         ; 2000 ps         ;
; in_data[19][2]  ; 2.5 V        ; 2000 ps         ; 2000 ps         ;
; in_data[28][2]  ; 2.5 V        ; 2000 ps         ; 2000 ps         ;
; in_data[35][2]  ; 2.5 V        ; 2000 ps         ; 2000 ps         ;
; in_data[44][2]  ; 2.5 V        ; 2000 ps         ; 2000 ps         ;
; in_data[51][2]  ; 2.5 V        ; 2000 ps         ; 2000 ps         ;
; in_data[60][2]  ; 2.5 V        ; 2000 ps         ; 2000 ps         ;
; in_data[67][2]  ; 2.5 V        ; 2000 ps         ; 2000 ps         ;
; in_data[76][2]  ; 2.5 V        ; 2000 ps         ; 2000 ps         ;
; in_data[83][2]  ; 2.5 V        ; 2000 ps         ; 2000 ps         ;
; in_data[92][2]  ; 2.5 V        ; 2000 ps         ; 2000 ps         ;
; in_data[99][2]  ; 2.5 V        ; 2000 ps         ; 2000 ps         ;
; in_data[108][2] ; 2.5 V        ; 2000 ps         ; 2000 ps         ;
; in_data[115][2] ; 2.5 V        ; 2000 ps         ; 2000 ps         ;
; in_data[124][2] ; 2.5 V        ; 2000 ps         ; 2000 ps         ;
; in_data[2][3]   ; 2.5 V        ; 2000 ps         ; 2000 ps         ;
; in_data[1][3]   ; 2.5 V        ; 2000 ps         ; 2000 ps         ;
; in_data[0][3]   ; 2.5 V        ; 2000 ps         ; 2000 ps         ;
; in_data[8][3]   ; 2.5 V        ; 2000 ps         ; 2000 ps         ;
; in_data[23][3]  ; 2.5 V        ; 2000 ps         ; 2000 ps         ;
; in_data[24][3]  ; 2.5 V        ; 2000 ps         ; 2000 ps         ;
; in_data[39][3]  ; 2.5 V        ; 2000 ps         ; 2000 ps         ;
; in_data[40][3]  ; 2.5 V        ; 2000 ps         ; 2000 ps         ;
; in_data[55][3]  ; 2.5 V        ; 2000 ps         ; 2000 ps         ;
; in_data[56][3]  ; 2.5 V        ; 2000 ps         ; 2000 ps         ;
; in_data[71][3]  ; 2.5 V        ; 2000 ps         ; 2000 ps         ;
; in_data[72][3]  ; 2.5 V        ; 2000 ps         ; 2000 ps         ;
; in_data[87][3]  ; 2.5 V        ; 2000 ps         ; 2000 ps         ;
; in_data[88][3]  ; 2.5 V        ; 2000 ps         ; 2000 ps         ;
; in_data[103][3] ; 2.5 V        ; 2000 ps         ; 2000 ps         ;
; in_data[104][3] ; 2.5 V        ; 2000 ps         ; 2000 ps         ;
; in_data[119][3] ; 2.5 V        ; 2000 ps         ; 2000 ps         ;
; in_data[120][3] ; 2.5 V        ; 2000 ps         ; 2000 ps         ;
; in_data[9][3]   ; 2.5 V        ; 2000 ps         ; 2000 ps         ;
; in_data[22][3]  ; 2.5 V        ; 2000 ps         ; 2000 ps         ;
; in_data[25][3]  ; 2.5 V        ; 2000 ps         ; 2000 ps         ;
; in_data[38][3]  ; 2.5 V        ; 2000 ps         ; 2000 ps         ;
; in_data[41][3]  ; 2.5 V        ; 2000 ps         ; 2000 ps         ;
; in_data[54][3]  ; 2.5 V        ; 2000 ps         ; 2000 ps         ;
; in_data[57][3]  ; 2.5 V        ; 2000 ps         ; 2000 ps         ;
; in_data[70][3]  ; 2.5 V        ; 2000 ps         ; 2000 ps         ;
; in_data[73][3]  ; 2.5 V        ; 2000 ps         ; 2000 ps         ;
; in_data[86][3]  ; 2.5 V        ; 2000 ps         ; 2000 ps         ;
; in_data[89][3]  ; 2.5 V        ; 2000 ps         ; 2000 ps         ;
; in_data[102][3] ; 2.5 V        ; 2000 ps         ; 2000 ps         ;
; in_data[105][3] ; 2.5 V        ; 2000 ps         ; 2000 ps         ;
; in_data[118][3] ; 2.5 V        ; 2000 ps         ; 2000 ps         ;
; in_data[121][3] ; 2.5 V        ; 2000 ps         ; 2000 ps         ;
; in_data[10][3]  ; 2.5 V        ; 2000 ps         ; 2000 ps         ;
; in_data[21][3]  ; 2.5 V        ; 2000 ps         ; 2000 ps         ;
; in_data[26][3]  ; 2.5 V        ; 2000 ps         ; 2000 ps         ;
; in_data[37][3]  ; 2.5 V        ; 2000 ps         ; 2000 ps         ;
; in_data[42][3]  ; 2.5 V        ; 2000 ps         ; 2000 ps         ;
; in_data[53][3]  ; 2.5 V        ; 2000 ps         ; 2000 ps         ;
; in_data[58][3]  ; 2.5 V        ; 2000 ps         ; 2000 ps         ;
; in_data[69][3]  ; 2.5 V        ; 2000 ps         ; 2000 ps         ;
; in_data[74][3]  ; 2.5 V        ; 2000 ps         ; 2000 ps         ;
; in_data[85][3]  ; 2.5 V        ; 2000 ps         ; 2000 ps         ;
; in_data[90][3]  ; 2.5 V        ; 2000 ps         ; 2000 ps         ;
; in_data[101][3] ; 2.5 V        ; 2000 ps         ; 2000 ps         ;
; in_data[106][3] ; 2.5 V        ; 2000 ps         ; 2000 ps         ;
; in_data[117][3] ; 2.5 V        ; 2000 ps         ; 2000 ps         ;
; in_data[122][3] ; 2.5 V        ; 2000 ps         ; 2000 ps         ;
; in_data[11][3]  ; 2.5 V        ; 2000 ps         ; 2000 ps         ;
; in_data[20][3]  ; 2.5 V        ; 2000 ps         ; 2000 ps         ;
; in_data[27][3]  ; 2.5 V        ; 2000 ps         ; 2000 ps         ;
; in_data[36][3]  ; 2.5 V        ; 2000 ps         ; 2000 ps         ;
; in_data[43][3]  ; 2.5 V        ; 2000 ps         ; 2000 ps         ;
; in_data[52][3]  ; 2.5 V        ; 2000 ps         ; 2000 ps         ;
; in_data[59][3]  ; 2.5 V        ; 2000 ps         ; 2000 ps         ;
; in_data[68][3]  ; 2.5 V        ; 2000 ps         ; 2000 ps         ;
; in_data[75][3]  ; 2.5 V        ; 2000 ps         ; 2000 ps         ;
; in_data[84][3]  ; 2.5 V        ; 2000 ps         ; 2000 ps         ;
; in_data[91][3]  ; 2.5 V        ; 2000 ps         ; 2000 ps         ;
; in_data[100][3] ; 2.5 V        ; 2000 ps         ; 2000 ps         ;
; in_data[107][3] ; 2.5 V        ; 2000 ps         ; 2000 ps         ;
; in_data[116][3] ; 2.5 V        ; 2000 ps         ; 2000 ps         ;
; in_data[123][3] ; 2.5 V        ; 2000 ps         ; 2000 ps         ;
; in_data[12][3]  ; 2.5 V        ; 2000 ps         ; 2000 ps         ;
; in_data[19][3]  ; 2.5 V        ; 2000 ps         ; 2000 ps         ;
; in_data[28][3]  ; 2.5 V        ; 2000 ps         ; 2000 ps         ;
; in_data[35][3]  ; 2.5 V        ; 2000 ps         ; 2000 ps         ;
; in_data[44][3]  ; 2.5 V        ; 2000 ps         ; 2000 ps         ;
; in_data[51][3]  ; 2.5 V        ; 2000 ps         ; 2000 ps         ;
; in_data[60][3]  ; 2.5 V        ; 2000 ps         ; 2000 ps         ;
; in_data[67][3]  ; 2.5 V        ; 2000 ps         ; 2000 ps         ;
; in_data[76][3]  ; 2.5 V        ; 2000 ps         ; 2000 ps         ;
; in_data[83][3]  ; 2.5 V        ; 2000 ps         ; 2000 ps         ;
; in_data[92][3]  ; 2.5 V        ; 2000 ps         ; 2000 ps         ;
; in_data[99][3]  ; 2.5 V        ; 2000 ps         ; 2000 ps         ;
; in_data[108][3] ; 2.5 V        ; 2000 ps         ; 2000 ps         ;
; in_data[115][3] ; 2.5 V        ; 2000 ps         ; 2000 ps         ;
; in_data[124][3] ; 2.5 V        ; 2000 ps         ; 2000 ps         ;
; in_data[13][0]  ; 2.5 V        ; 2000 ps         ; 2000 ps         ;
; in_data[18][0]  ; 2.5 V        ; 2000 ps         ; 2000 ps         ;
; in_data[29][0]  ; 2.5 V        ; 2000 ps         ; 2000 ps         ;
; in_data[34][0]  ; 2.5 V        ; 2000 ps         ; 2000 ps         ;
; in_data[45][0]  ; 2.5 V        ; 2000 ps         ; 2000 ps         ;
; in_data[50][0]  ; 2.5 V        ; 2000 ps         ; 2000 ps         ;
; in_data[61][0]  ; 2.5 V        ; 2000 ps         ; 2000 ps         ;
; in_data[66][0]  ; 2.5 V        ; 2000 ps         ; 2000 ps         ;
; in_data[77][0]  ; 2.5 V        ; 2000 ps         ; 2000 ps         ;
; in_data[82][0]  ; 2.5 V        ; 2000 ps         ; 2000 ps         ;
; in_data[93][0]  ; 2.5 V        ; 2000 ps         ; 2000 ps         ;
; in_data[98][0]  ; 2.5 V        ; 2000 ps         ; 2000 ps         ;
; in_data[109][0] ; 2.5 V        ; 2000 ps         ; 2000 ps         ;
; in_data[114][0] ; 2.5 V        ; 2000 ps         ; 2000 ps         ;
; in_data[125][0] ; 2.5 V        ; 2000 ps         ; 2000 ps         ;
; in_data[14][0]  ; 2.5 V        ; 2000 ps         ; 2000 ps         ;
; in_data[17][0]  ; 2.5 V        ; 2000 ps         ; 2000 ps         ;
; in_data[30][0]  ; 2.5 V        ; 2000 ps         ; 2000 ps         ;
; in_data[33][0]  ; 2.5 V        ; 2000 ps         ; 2000 ps         ;
; in_data[46][0]  ; 2.5 V        ; 2000 ps         ; 2000 ps         ;
; in_data[49][0]  ; 2.5 V        ; 2000 ps         ; 2000 ps         ;
; in_data[62][0]  ; 2.5 V        ; 2000 ps         ; 2000 ps         ;
; in_data[65][0]  ; 2.5 V        ; 2000 ps         ; 2000 ps         ;
; in_data[78][0]  ; 2.5 V        ; 2000 ps         ; 2000 ps         ;
; in_data[81][0]  ; 2.5 V        ; 2000 ps         ; 2000 ps         ;
; in_data[94][0]  ; 2.5 V        ; 2000 ps         ; 2000 ps         ;
; in_data[97][0]  ; 2.5 V        ; 2000 ps         ; 2000 ps         ;
; in_data[110][0] ; 2.5 V        ; 2000 ps         ; 2000 ps         ;
; in_data[113][0] ; 2.5 V        ; 2000 ps         ; 2000 ps         ;
; in_data[126][0] ; 2.5 V        ; 2000 ps         ; 2000 ps         ;
; in_data[15][0]  ; 2.5 V        ; 2000 ps         ; 2000 ps         ;
; in_data[16][0]  ; 2.5 V        ; 2000 ps         ; 2000 ps         ;
; in_data[31][0]  ; 2.5 V        ; 2000 ps         ; 2000 ps         ;
; in_data[32][0]  ; 2.5 V        ; 2000 ps         ; 2000 ps         ;
; in_data[47][0]  ; 2.5 V        ; 2000 ps         ; 2000 ps         ;
; in_data[48][0]  ; 2.5 V        ; 2000 ps         ; 2000 ps         ;
; in_data[63][0]  ; 2.5 V        ; 2000 ps         ; 2000 ps         ;
; in_data[64][0]  ; 2.5 V        ; 2000 ps         ; 2000 ps         ;
; in_data[79][0]  ; 2.5 V        ; 2000 ps         ; 2000 ps         ;
; in_data[80][0]  ; 2.5 V        ; 2000 ps         ; 2000 ps         ;
; in_data[95][0]  ; 2.5 V        ; 2000 ps         ; 2000 ps         ;
; in_data[96][0]  ; 2.5 V        ; 2000 ps         ; 2000 ps         ;
; in_data[111][0] ; 2.5 V        ; 2000 ps         ; 2000 ps         ;
; in_data[112][0] ; 2.5 V        ; 2000 ps         ; 2000 ps         ;
; in_data[127][0] ; 2.5 V        ; 2000 ps         ; 2000 ps         ;
; in_data[13][1]  ; 2.5 V        ; 2000 ps         ; 2000 ps         ;
; in_data[18][1]  ; 2.5 V        ; 2000 ps         ; 2000 ps         ;
; in_data[29][1]  ; 2.5 V        ; 2000 ps         ; 2000 ps         ;
; in_data[34][1]  ; 2.5 V        ; 2000 ps         ; 2000 ps         ;
; in_data[45][1]  ; 2.5 V        ; 2000 ps         ; 2000 ps         ;
; in_data[50][1]  ; 2.5 V        ; 2000 ps         ; 2000 ps         ;
; in_data[61][1]  ; 2.5 V        ; 2000 ps         ; 2000 ps         ;
; in_data[66][1]  ; 2.5 V        ; 2000 ps         ; 2000 ps         ;
; in_data[77][1]  ; 2.5 V        ; 2000 ps         ; 2000 ps         ;
; in_data[82][1]  ; 2.5 V        ; 2000 ps         ; 2000 ps         ;
; in_data[93][1]  ; 2.5 V        ; 2000 ps         ; 2000 ps         ;
; in_data[98][1]  ; 2.5 V        ; 2000 ps         ; 2000 ps         ;
; in_data[109][1] ; 2.5 V        ; 2000 ps         ; 2000 ps         ;
; in_data[114][1] ; 2.5 V        ; 2000 ps         ; 2000 ps         ;
; in_data[125][1] ; 2.5 V        ; 2000 ps         ; 2000 ps         ;
; in_data[14][1]  ; 2.5 V        ; 2000 ps         ; 2000 ps         ;
; in_data[17][1]  ; 2.5 V        ; 2000 ps         ; 2000 ps         ;
; in_data[30][1]  ; 2.5 V        ; 2000 ps         ; 2000 ps         ;
; in_data[33][1]  ; 2.5 V        ; 2000 ps         ; 2000 ps         ;
; in_data[46][1]  ; 2.5 V        ; 2000 ps         ; 2000 ps         ;
; in_data[49][1]  ; 2.5 V        ; 2000 ps         ; 2000 ps         ;
; in_data[62][1]  ; 2.5 V        ; 2000 ps         ; 2000 ps         ;
; in_data[65][1]  ; 2.5 V        ; 2000 ps         ; 2000 ps         ;
; in_data[78][1]  ; 2.5 V        ; 2000 ps         ; 2000 ps         ;
; in_data[81][1]  ; 2.5 V        ; 2000 ps         ; 2000 ps         ;
; in_data[94][1]  ; 2.5 V        ; 2000 ps         ; 2000 ps         ;
; in_data[97][1]  ; 2.5 V        ; 2000 ps         ; 2000 ps         ;
; in_data[110][1] ; 2.5 V        ; 2000 ps         ; 2000 ps         ;
; in_data[113][1] ; 2.5 V        ; 2000 ps         ; 2000 ps         ;
; in_data[126][1] ; 2.5 V        ; 2000 ps         ; 2000 ps         ;
; in_data[15][1]  ; 2.5 V        ; 2000 ps         ; 2000 ps         ;
; in_data[16][1]  ; 2.5 V        ; 2000 ps         ; 2000 ps         ;
; in_data[31][1]  ; 2.5 V        ; 2000 ps         ; 2000 ps         ;
; in_data[32][1]  ; 2.5 V        ; 2000 ps         ; 2000 ps         ;
; in_data[47][1]  ; 2.5 V        ; 2000 ps         ; 2000 ps         ;
; in_data[48][1]  ; 2.5 V        ; 2000 ps         ; 2000 ps         ;
; in_data[63][1]  ; 2.5 V        ; 2000 ps         ; 2000 ps         ;
; in_data[64][1]  ; 2.5 V        ; 2000 ps         ; 2000 ps         ;
; in_data[79][1]  ; 2.5 V        ; 2000 ps         ; 2000 ps         ;
; in_data[80][1]  ; 2.5 V        ; 2000 ps         ; 2000 ps         ;
; in_data[95][1]  ; 2.5 V        ; 2000 ps         ; 2000 ps         ;
; in_data[96][1]  ; 2.5 V        ; 2000 ps         ; 2000 ps         ;
; in_data[111][1] ; 2.5 V        ; 2000 ps         ; 2000 ps         ;
; in_data[112][1] ; 2.5 V        ; 2000 ps         ; 2000 ps         ;
; in_data[127][1] ; 2.5 V        ; 2000 ps         ; 2000 ps         ;
; in_data[13][2]  ; 2.5 V        ; 2000 ps         ; 2000 ps         ;
; in_data[18][2]  ; 2.5 V        ; 2000 ps         ; 2000 ps         ;
; in_data[29][2]  ; 2.5 V        ; 2000 ps         ; 2000 ps         ;
; in_data[34][2]  ; 2.5 V        ; 2000 ps         ; 2000 ps         ;
; in_data[45][2]  ; 2.5 V        ; 2000 ps         ; 2000 ps         ;
; in_data[50][2]  ; 2.5 V        ; 2000 ps         ; 2000 ps         ;
; in_data[61][2]  ; 2.5 V        ; 2000 ps         ; 2000 ps         ;
; in_data[66][2]  ; 2.5 V        ; 2000 ps         ; 2000 ps         ;
; in_data[77][2]  ; 2.5 V        ; 2000 ps         ; 2000 ps         ;
; in_data[82][2]  ; 2.5 V        ; 2000 ps         ; 2000 ps         ;
; in_data[93][2]  ; 2.5 V        ; 2000 ps         ; 2000 ps         ;
; in_data[98][2]  ; 2.5 V        ; 2000 ps         ; 2000 ps         ;
; in_data[109][2] ; 2.5 V        ; 2000 ps         ; 2000 ps         ;
; in_data[114][2] ; 2.5 V        ; 2000 ps         ; 2000 ps         ;
; in_data[125][2] ; 2.5 V        ; 2000 ps         ; 2000 ps         ;
; in_data[14][2]  ; 2.5 V        ; 2000 ps         ; 2000 ps         ;
; in_data[17][2]  ; 2.5 V        ; 2000 ps         ; 2000 ps         ;
; in_data[30][2]  ; 2.5 V        ; 2000 ps         ; 2000 ps         ;
; in_data[33][2]  ; 2.5 V        ; 2000 ps         ; 2000 ps         ;
; in_data[46][2]  ; 2.5 V        ; 2000 ps         ; 2000 ps         ;
; in_data[49][2]  ; 2.5 V        ; 2000 ps         ; 2000 ps         ;
; in_data[62][2]  ; 2.5 V        ; 2000 ps         ; 2000 ps         ;
; in_data[65][2]  ; 2.5 V        ; 2000 ps         ; 2000 ps         ;
; in_data[78][2]  ; 2.5 V        ; 2000 ps         ; 2000 ps         ;
; in_data[81][2]  ; 2.5 V        ; 2000 ps         ; 2000 ps         ;
; in_data[94][2]  ; 2.5 V        ; 2000 ps         ; 2000 ps         ;
; in_data[97][2]  ; 2.5 V        ; 2000 ps         ; 2000 ps         ;
; in_data[110][2] ; 2.5 V        ; 2000 ps         ; 2000 ps         ;
; in_data[113][2] ; 2.5 V        ; 2000 ps         ; 2000 ps         ;
; in_data[126][2] ; 2.5 V        ; 2000 ps         ; 2000 ps         ;
; in_data[15][2]  ; 2.5 V        ; 2000 ps         ; 2000 ps         ;
; in_data[16][2]  ; 2.5 V        ; 2000 ps         ; 2000 ps         ;
; in_data[31][2]  ; 2.5 V        ; 2000 ps         ; 2000 ps         ;
; in_data[32][2]  ; 2.5 V        ; 2000 ps         ; 2000 ps         ;
; in_data[47][2]  ; 2.5 V        ; 2000 ps         ; 2000 ps         ;
; in_data[48][2]  ; 2.5 V        ; 2000 ps         ; 2000 ps         ;
; in_data[63][2]  ; 2.5 V        ; 2000 ps         ; 2000 ps         ;
; in_data[64][2]  ; 2.5 V        ; 2000 ps         ; 2000 ps         ;
; in_data[79][2]  ; 2.5 V        ; 2000 ps         ; 2000 ps         ;
; in_data[80][2]  ; 2.5 V        ; 2000 ps         ; 2000 ps         ;
; in_data[95][2]  ; 2.5 V        ; 2000 ps         ; 2000 ps         ;
; in_data[96][2]  ; 2.5 V        ; 2000 ps         ; 2000 ps         ;
; in_data[111][2] ; 2.5 V        ; 2000 ps         ; 2000 ps         ;
; in_data[112][2] ; 2.5 V        ; 2000 ps         ; 2000 ps         ;
; in_data[127][2] ; 2.5 V        ; 2000 ps         ; 2000 ps         ;
; in_data[13][3]  ; 2.5 V        ; 2000 ps         ; 2000 ps         ;
; in_data[18][3]  ; 2.5 V        ; 2000 ps         ; 2000 ps         ;
; in_data[29][3]  ; 2.5 V        ; 2000 ps         ; 2000 ps         ;
; in_data[34][3]  ; 2.5 V        ; 2000 ps         ; 2000 ps         ;
; in_data[45][3]  ; 2.5 V        ; 2000 ps         ; 2000 ps         ;
; in_data[50][3]  ; 2.5 V        ; 2000 ps         ; 2000 ps         ;
; in_data[61][3]  ; 2.5 V        ; 2000 ps         ; 2000 ps         ;
; in_data[66][3]  ; 2.5 V        ; 2000 ps         ; 2000 ps         ;
; in_data[77][3]  ; 2.5 V        ; 2000 ps         ; 2000 ps         ;
; in_data[82][3]  ; 2.5 V        ; 2000 ps         ; 2000 ps         ;
; in_data[93][3]  ; 2.5 V        ; 2000 ps         ; 2000 ps         ;
; in_data[98][3]  ; 2.5 V        ; 2000 ps         ; 2000 ps         ;
; in_data[109][3] ; 2.5 V        ; 2000 ps         ; 2000 ps         ;
; in_data[114][3] ; 2.5 V        ; 2000 ps         ; 2000 ps         ;
; in_data[125][3] ; 2.5 V        ; 2000 ps         ; 2000 ps         ;
; in_data[14][3]  ; 2.5 V        ; 2000 ps         ; 2000 ps         ;
; in_data[17][3]  ; 2.5 V        ; 2000 ps         ; 2000 ps         ;
; in_data[30][3]  ; 2.5 V        ; 2000 ps         ; 2000 ps         ;
; in_data[33][3]  ; 2.5 V        ; 2000 ps         ; 2000 ps         ;
; in_data[46][3]  ; 2.5 V        ; 2000 ps         ; 2000 ps         ;
; in_data[49][3]  ; 2.5 V        ; 2000 ps         ; 2000 ps         ;
; in_data[62][3]  ; 2.5 V        ; 2000 ps         ; 2000 ps         ;
; in_data[65][3]  ; 2.5 V        ; 2000 ps         ; 2000 ps         ;
; in_data[78][3]  ; 2.5 V        ; 2000 ps         ; 2000 ps         ;
; in_data[81][3]  ; 2.5 V        ; 2000 ps         ; 2000 ps         ;
; in_data[94][3]  ; 2.5 V        ; 2000 ps         ; 2000 ps         ;
; in_data[97][3]  ; 2.5 V        ; 2000 ps         ; 2000 ps         ;
; in_data[110][3] ; 2.5 V        ; 2000 ps         ; 2000 ps         ;
; in_data[113][3] ; 2.5 V        ; 2000 ps         ; 2000 ps         ;
; in_data[126][3] ; 2.5 V        ; 2000 ps         ; 2000 ps         ;
; in_data[15][3]  ; 2.5 V        ; 2000 ps         ; 2000 ps         ;
; in_data[16][3]  ; 2.5 V        ; 2000 ps         ; 2000 ps         ;
; in_data[31][3]  ; 2.5 V        ; 2000 ps         ; 2000 ps         ;
; in_data[32][3]  ; 2.5 V        ; 2000 ps         ; 2000 ps         ;
; in_data[47][3]  ; 2.5 V        ; 2000 ps         ; 2000 ps         ;
; in_data[48][3]  ; 2.5 V        ; 2000 ps         ; 2000 ps         ;
; in_data[63][3]  ; 2.5 V        ; 2000 ps         ; 2000 ps         ;
; in_data[64][3]  ; 2.5 V        ; 2000 ps         ; 2000 ps         ;
; in_data[79][3]  ; 2.5 V        ; 2000 ps         ; 2000 ps         ;
; in_data[80][3]  ; 2.5 V        ; 2000 ps         ; 2000 ps         ;
; in_data[95][3]  ; 2.5 V        ; 2000 ps         ; 2000 ps         ;
; in_data[96][3]  ; 2.5 V        ; 2000 ps         ; 2000 ps         ;
; in_data[111][3] ; 2.5 V        ; 2000 ps         ; 2000 ps         ;
; in_data[112][3] ; 2.5 V        ; 2000 ps         ; 2000 ps         ;
; in_data[127][3] ; 2.5 V        ; 2000 ps         ; 2000 ps         ;
; ~ALTERA_DATA0~  ; 1.8 V        ; 1440 ps         ; 1440 ps         ;
+-----------------+--------------+-----------------+-----------------+


+------------------------------------------------------------------------------------------------------------------------------------------------------------------------------------------------------------------------------------------------------------------------------------------------------------------------------------------------------------------------------------------------------------------------------------------------------------------------------------------------------------------------------------------------------------------------------------------------------------------------------------------------------------------------------------------+
; Signal Integrity Metrics (Slow 900mv n40c Model)                                                                                                                                                                                                                                                                                                                                                                                                                                                                                                                                                                                                                                         ;
+-------------+--------------+---------------------+---------------------+------------------------------+------------------------------+---------------------+---------------------+--------------------------------------+--------------------------------------+-----------------------------+-----------------------------+----------------------------+----------------------------+-----------------------------+-----------------------------+--------------------+--------------------+-------------------------------------+-------------------------------------+----------------------------+----------------------------+---------------------------+---------------------------+
; Pin         ; I/O Standard ; Board Delay on Rise ; Board Delay on Fall ; Steady State Voh at FPGA Pin ; Steady State Vol at FPGA Pin ; Voh Max at FPGA Pin ; Vol Min at FPGA Pin ; Ringback Voltage on Rise at FPGA Pin ; Ringback Voltage on Fall at FPGA Pin ; 10-90 Rise Time at FPGA Pin ; 90-10 Fall Time at FPGA Pin ; Monotonic Rise at FPGA Pin ; Monotonic Fall at FPGA Pin ; Steady State Voh at Far-end ; Steady State Vol at Far-end ; Voh Max at Far-end ; Vol Min at Far-end ; Ringback Voltage on Rise at Far-end ; Ringback Voltage on Fall at Far-end ; 10-90 Rise Time at Far-end ; 90-10 Fall Time at Far-end ; Monotonic Rise at Far-end ; Monotonic Fall at Far-end ;
+-------------+--------------+---------------------+---------------------+------------------------------+------------------------------+---------------------+---------------------+--------------------------------------+--------------------------------------+-----------------------------+-----------------------------+----------------------------+----------------------------+-----------------------------+-----------------------------+--------------------+--------------------+-------------------------------------+-------------------------------------+----------------------------+----------------------------+---------------------------+---------------------------+
; out_data[0] ; 2.5 V        ; 0 s                 ; 0 s                 ; 2.32 V                       ; 1.33e-08 V                   ; 2.34 V              ; -0.00856 V          ; 0.246 V                              ; 0.06 V                               ; 4.12e-10 s                  ; 4.05e-10 s                  ; No                         ; Yes                        ; 2.32 V                      ; 1.33e-08 V                  ; 2.34 V             ; -0.00856 V         ; 0.246 V                             ; 0.06 V                              ; 4.12e-10 s                 ; 4.05e-10 s                 ; No                        ; Yes                       ;
; out_data[1] ; 2.5 V        ; 0 s                 ; 0 s                 ; 2.32 V                       ; 1.32e-08 V                   ; 2.36 V              ; -0.0199 V           ; 0.212 V                              ; 0.129 V                              ; 3.88e-10 s                  ; 3.71e-10 s                  ; No                         ; Yes                        ; 2.32 V                      ; 1.32e-08 V                  ; 2.36 V             ; -0.0199 V          ; 0.212 V                             ; 0.129 V                             ; 3.88e-10 s                 ; 3.71e-10 s                 ; No                        ; Yes                       ;
; out_data[2] ; 2.5 V        ; 0 s                 ; 0 s                 ; 2.32 V                       ; 1.33e-08 V                   ; 2.34 V              ; -0.00856 V          ; 0.246 V                              ; 0.06 V                               ; 4.12e-10 s                  ; 4.05e-10 s                  ; No                         ; Yes                        ; 2.32 V                      ; 1.33e-08 V                  ; 2.34 V             ; -0.00856 V         ; 0.246 V                             ; 0.06 V                              ; 4.12e-10 s                 ; 4.05e-10 s                 ; No                        ; Yes                       ;
; out_data[3] ; 2.5 V        ; 0 s                 ; 0 s                 ; 2.32 V                       ; 1.32e-08 V                   ; 2.36 V              ; -0.0201 V           ; 0.212 V                              ; 0.129 V                              ; 3.88e-10 s                  ; 3.71e-10 s                  ; No                         ; Yes                        ; 2.32 V                      ; 1.32e-08 V                  ; 2.36 V             ; -0.0201 V          ; 0.212 V                             ; 0.129 V                             ; 3.88e-10 s                 ; 3.71e-10 s                 ; No                        ; Yes                       ;
; out_valid   ; 2.5 V        ; 0 s                 ; 0 s                 ; 2.32 V                       ; 1.32e-08 V                   ; 2.36 V              ; -0.0201 V           ; 0.212 V                              ; 0.129 V                              ; 3.88e-10 s                  ; 3.71e-10 s                  ; No                         ; Yes                        ; 2.32 V                      ; 1.32e-08 V                  ; 2.36 V             ; -0.0201 V          ; 0.212 V                             ; 0.129 V                             ; 3.88e-10 s                 ; 3.71e-10 s                 ; No                        ; Yes                       ;
+-------------+--------------+---------------------+---------------------+------------------------------+------------------------------+---------------------+---------------------+--------------------------------------+--------------------------------------+-----------------------------+-----------------------------+----------------------------+----------------------------+-----------------------------+-----------------------------+--------------------+--------------------+-------------------------------------+-------------------------------------+----------------------------+----------------------------+---------------------------+---------------------------+


+------------------------------------------------------------------------------------------------------------------------------------------------------------------------------------------------------------------------------------------------------------------------------------------------------------------------------------------------------------------------------------------------------------------------------------------------------------------------------------------------------------------------------------------------------------------------------------------------------------------------------------------------------------------------------------------+
; Signal Integrity Metrics (Slow 900mv 100c Model)                                                                                                                                                                                                                                                                                                                                                                                                                                                                                                                                                                                                                                         ;
+-------------+--------------+---------------------+---------------------+------------------------------+------------------------------+---------------------+---------------------+--------------------------------------+--------------------------------------+-----------------------------+-----------------------------+----------------------------+----------------------------+-----------------------------+-----------------------------+--------------------+--------------------+-------------------------------------+-------------------------------------+----------------------------+----------------------------+---------------------------+---------------------------+
; Pin         ; I/O Standard ; Board Delay on Rise ; Board Delay on Fall ; Steady State Voh at FPGA Pin ; Steady State Vol at FPGA Pin ; Voh Max at FPGA Pin ; Vol Min at FPGA Pin ; Ringback Voltage on Rise at FPGA Pin ; Ringback Voltage on Fall at FPGA Pin ; 10-90 Rise Time at FPGA Pin ; 90-10 Fall Time at FPGA Pin ; Monotonic Rise at FPGA Pin ; Monotonic Fall at FPGA Pin ; Steady State Voh at Far-end ; Steady State Vol at Far-end ; Voh Max at Far-end ; Vol Min at Far-end ; Ringback Voltage on Rise at Far-end ; Ringback Voltage on Fall at Far-end ; 10-90 Rise Time at Far-end ; 90-10 Fall Time at Far-end ; Monotonic Rise at Far-end ; Monotonic Fall at Far-end ;
+-------------+--------------+---------------------+---------------------+------------------------------+------------------------------+---------------------+---------------------+--------------------------------------+--------------------------------------+-----------------------------+-----------------------------+----------------------------+----------------------------+-----------------------------+-----------------------------+--------------------+--------------------+-------------------------------------+-------------------------------------+----------------------------+----------------------------+---------------------------+---------------------------+
; out_data[0] ; 2.5 V        ; 0 s                 ; 0 s                 ; 2.32 V                       ; 1.83e-05 V                   ; 2.33 V              ; -0.00497 V          ; 0.154 V                              ; 0.056 V                              ; 6.05e-10 s                  ; 5.72e-10 s                  ; No                         ; Yes                        ; 2.32 V                      ; 1.83e-05 V                  ; 2.33 V             ; -0.00497 V         ; 0.154 V                             ; 0.056 V                             ; 6.05e-10 s                 ; 5.72e-10 s                 ; No                        ; Yes                       ;
; out_data[1] ; 2.5 V        ; 0 s                 ; 0 s                 ; 2.32 V                       ; 1.82e-05 V                   ; 2.34 V              ; -0.0146 V           ; 0.207 V                              ; 0.088 V                              ; 5.11e-10 s                  ; 5e-10 s                     ; No                         ; Yes                        ; 2.32 V                      ; 1.82e-05 V                  ; 2.34 V             ; -0.0146 V          ; 0.207 V                             ; 0.088 V                             ; 5.11e-10 s                 ; 5e-10 s                    ; No                        ; Yes                       ;
; out_data[2] ; 2.5 V        ; 0 s                 ; 0 s                 ; 2.32 V                       ; 1.83e-05 V                   ; 2.33 V              ; -0.00497 V          ; 0.154 V                              ; 0.056 V                              ; 6.05e-10 s                  ; 5.72e-10 s                  ; No                         ; Yes                        ; 2.32 V                      ; 1.83e-05 V                  ; 2.33 V             ; -0.00497 V         ; 0.154 V                             ; 0.056 V                             ; 6.05e-10 s                 ; 5.72e-10 s                 ; No                        ; Yes                       ;
; out_data[3] ; 2.5 V        ; 0 s                 ; 0 s                 ; 2.32 V                       ; 1.82e-05 V                   ; 2.34 V              ; -0.0148 V           ; 0.207 V                              ; 0.087 V                              ; 5.11e-10 s                  ; 4.99e-10 s                  ; No                         ; Yes                        ; 2.32 V                      ; 1.82e-05 V                  ; 2.34 V             ; -0.0148 V          ; 0.207 V                             ; 0.087 V                             ; 5.11e-10 s                 ; 4.99e-10 s                 ; No                        ; Yes                       ;
; out_valid   ; 2.5 V        ; 0 s                 ; 0 s                 ; 2.32 V                       ; 1.82e-05 V                   ; 2.34 V              ; -0.0148 V           ; 0.207 V                              ; 0.087 V                              ; 5.11e-10 s                  ; 4.99e-10 s                  ; No                         ; Yes                        ; 2.32 V                      ; 1.82e-05 V                  ; 2.34 V             ; -0.0148 V          ; 0.207 V                             ; 0.087 V                             ; 5.11e-10 s                 ; 4.99e-10 s                 ; No                        ; Yes                       ;
+-------------+--------------+---------------------+---------------------+------------------------------+------------------------------+---------------------+---------------------+--------------------------------------+--------------------------------------+-----------------------------+-----------------------------+----------------------------+----------------------------+-----------------------------+-----------------------------+--------------------+--------------------+-------------------------------------+-------------------------------------+----------------------------+----------------------------+---------------------------+---------------------------+


+------------------------------------------------------------------------------------------------------------------------------------------------------------------------------------------------------------------------------------------------------------------------------------------------------------------------------------------------------------------------------------------------------------------------------------------------------------------------------------------------------------------------------------------------------------------------------------------------------------------------------------------------------------------------------------------+
; Signal Integrity Metrics (Fast 900mv n40c Model)                                                                                                                                                                                                                                                                                                                                                                                                                                                                                                                                                                                                                                         ;
+-------------+--------------+---------------------+---------------------+------------------------------+------------------------------+---------------------+---------------------+--------------------------------------+--------------------------------------+-----------------------------+-----------------------------+----------------------------+----------------------------+-----------------------------+-----------------------------+--------------------+--------------------+-------------------------------------+-------------------------------------+----------------------------+----------------------------+---------------------------+---------------------------+
; Pin         ; I/O Standard ; Board Delay on Rise ; Board Delay on Fall ; Steady State Voh at FPGA Pin ; Steady State Vol at FPGA Pin ; Voh Max at FPGA Pin ; Vol Min at FPGA Pin ; Ringback Voltage on Rise at FPGA Pin ; Ringback Voltage on Fall at FPGA Pin ; 10-90 Rise Time at FPGA Pin ; 90-10 Fall Time at FPGA Pin ; Monotonic Rise at FPGA Pin ; Monotonic Fall at FPGA Pin ; Steady State Voh at Far-end ; Steady State Vol at Far-end ; Voh Max at Far-end ; Vol Min at Far-end ; Ringback Voltage on Rise at Far-end ; Ringback Voltage on Fall at Far-end ; 10-90 Rise Time at Far-end ; 90-10 Fall Time at Far-end ; Monotonic Rise at Far-end ; Monotonic Fall at Far-end ;
+-------------+--------------+---------------------+---------------------+------------------------------+------------------------------+---------------------+---------------------+--------------------------------------+--------------------------------------+-----------------------------+-----------------------------+----------------------------+----------------------------+-----------------------------+-----------------------------+--------------------+--------------------+-------------------------------------+-------------------------------------+----------------------------+----------------------------+---------------------------+---------------------------+
; out_data[0] ; 2.5 V        ; 0 s                 ; 0 s                 ; 2.75 V                       ; 7.39e-08 V                   ; 2.8 V               ; -0.0215 V           ; 0.254 V                              ; 0.074 V                              ; 2.75e-10 s                  ; 3.08e-10 s                  ; No                         ; Yes                        ; 2.75 V                      ; 7.39e-08 V                  ; 2.8 V              ; -0.0215 V          ; 0.254 V                             ; 0.074 V                             ; 2.75e-10 s                 ; 3.08e-10 s                 ; No                        ; Yes                       ;
; out_data[1] ; 2.5 V        ; 0 s                 ; 0 s                 ; 2.75 V                       ; 7.31e-08 V                   ; 2.85 V              ; -0.0428 V           ; 0.235 V                              ; 0.173 V                              ; 2.66e-10 s                  ; 2.67e-10 s                  ; No                         ; Yes                        ; 2.75 V                      ; 7.31e-08 V                  ; 2.85 V             ; -0.0428 V          ; 0.235 V                             ; 0.173 V                             ; 2.66e-10 s                 ; 2.67e-10 s                 ; No                        ; Yes                       ;
; out_data[2] ; 2.5 V        ; 0 s                 ; 0 s                 ; 2.75 V                       ; 7.39e-08 V                   ; 2.8 V               ; -0.0215 V           ; 0.254 V                              ; 0.074 V                              ; 2.75e-10 s                  ; 3.08e-10 s                  ; No                         ; Yes                        ; 2.75 V                      ; 7.39e-08 V                  ; 2.8 V              ; -0.0215 V          ; 0.254 V                             ; 0.074 V                             ; 2.75e-10 s                 ; 3.08e-10 s                 ; No                        ; Yes                       ;
; out_data[3] ; 2.5 V        ; 0 s                 ; 0 s                 ; 2.75 V                       ; 7.31e-08 V                   ; 2.85 V              ; -0.0433 V           ; 0.236 V                              ; 0.173 V                              ; 2.66e-10 s                  ; 2.67e-10 s                  ; No                         ; Yes                        ; 2.75 V                      ; 7.31e-08 V                  ; 2.85 V             ; -0.0433 V          ; 0.236 V                             ; 0.173 V                             ; 2.66e-10 s                 ; 2.67e-10 s                 ; No                        ; Yes                       ;
; out_valid   ; 2.5 V        ; 0 s                 ; 0 s                 ; 2.75 V                       ; 7.31e-08 V                   ; 2.85 V              ; -0.0433 V           ; 0.236 V                              ; 0.173 V                              ; 2.66e-10 s                  ; 2.67e-10 s                  ; No                         ; Yes                        ; 2.75 V                      ; 7.31e-08 V                  ; 2.85 V             ; -0.0433 V          ; 0.236 V                             ; 0.173 V                             ; 2.66e-10 s                 ; 2.67e-10 s                 ; No                        ; Yes                       ;
+-------------+--------------+---------------------+---------------------+------------------------------+------------------------------+---------------------+---------------------+--------------------------------------+--------------------------------------+-----------------------------+-----------------------------+----------------------------+----------------------------+-----------------------------+-----------------------------+--------------------+--------------------+-------------------------------------+-------------------------------------+----------------------------+----------------------------+---------------------------+---------------------------+


+------------------------------------------------------------------------------------------------------------------------------------------------------------------------------------------------------------------------------------------------------------------------------------------------------------------------------------------------------------------------------------------------------------------------------------------------------------------------------------------------------------------------------------------------------------------------------------------------------------------------------------------------------------------------------------------+
; Signal Integrity Metrics (Fast 900mv 100c Model)                                                                                                                                                                                                                                                                                                                                                                                                                                                                                                                                                                                                                                         ;
+-------------+--------------+---------------------+---------------------+------------------------------+------------------------------+---------------------+---------------------+--------------------------------------+--------------------------------------+-----------------------------+-----------------------------+----------------------------+----------------------------+-----------------------------+-----------------------------+--------------------+--------------------+-------------------------------------+-------------------------------------+----------------------------+----------------------------+---------------------------+---------------------------+
; Pin         ; I/O Standard ; Board Delay on Rise ; Board Delay on Fall ; Steady State Voh at FPGA Pin ; Steady State Vol at FPGA Pin ; Voh Max at FPGA Pin ; Vol Min at FPGA Pin ; Ringback Voltage on Rise at FPGA Pin ; Ringback Voltage on Fall at FPGA Pin ; 10-90 Rise Time at FPGA Pin ; 90-10 Fall Time at FPGA Pin ; Monotonic Rise at FPGA Pin ; Monotonic Fall at FPGA Pin ; Steady State Voh at Far-end ; Steady State Vol at Far-end ; Voh Max at Far-end ; Vol Min at Far-end ; Ringback Voltage on Rise at Far-end ; Ringback Voltage on Fall at Far-end ; 10-90 Rise Time at Far-end ; 90-10 Fall Time at Far-end ; Monotonic Rise at Far-end ; Monotonic Fall at Far-end ;
+-------------+--------------+---------------------+---------------------+------------------------------+------------------------------+---------------------+---------------------+--------------------------------------+--------------------------------------+-----------------------------+-----------------------------+----------------------------+----------------------------+-----------------------------+-----------------------------+--------------------+--------------------+-------------------------------------+-------------------------------------+----------------------------+----------------------------+---------------------------+---------------------------+
; out_data[0] ; 2.5 V        ; 0 s                 ; 0 s                 ; 2.75 V                       ; 0.000279 V                   ; 2.77 V              ; -0.0122 V           ; 0.195 V                              ; 0.099 V                              ; 3.85e-10 s                  ; 4.15e-10 s                  ; No                         ; Yes                        ; 2.75 V                      ; 0.000279 V                  ; 2.77 V             ; -0.0122 V          ; 0.195 V                             ; 0.099 V                             ; 3.85e-10 s                 ; 4.15e-10 s                 ; No                        ; Yes                       ;
; out_data[1] ; 2.5 V        ; 0 s                 ; 0 s                 ; 2.75 V                       ; 0.000276 V                   ; 2.8 V               ; -0.0286 V           ; 0.315 V                              ; 0.189 V                              ; 2.98e-10 s                  ; 3.75e-10 s                  ; No                         ; Yes                        ; 2.75 V                      ; 0.000276 V                  ; 2.8 V              ; -0.0286 V          ; 0.315 V                             ; 0.189 V                             ; 2.98e-10 s                 ; 3.75e-10 s                 ; No                        ; Yes                       ;
; out_data[2] ; 2.5 V        ; 0 s                 ; 0 s                 ; 2.75 V                       ; 0.000279 V                   ; 2.77 V              ; -0.0122 V           ; 0.195 V                              ; 0.099 V                              ; 3.85e-10 s                  ; 4.15e-10 s                  ; No                         ; Yes                        ; 2.75 V                      ; 0.000279 V                  ; 2.77 V             ; -0.0122 V          ; 0.195 V                             ; 0.099 V                             ; 3.85e-10 s                 ; 4.15e-10 s                 ; No                        ; Yes                       ;
; out_data[3] ; 2.5 V        ; 0 s                 ; 0 s                 ; 2.75 V                       ; 0.000276 V                   ; 2.79 V              ; -0.0289 V           ; 0.314 V                              ; 0.188 V                              ; 2.99e-10 s                  ; 3.75e-10 s                  ; No                         ; Yes                        ; 2.75 V                      ; 0.000276 V                  ; 2.79 V             ; -0.0289 V          ; 0.314 V                             ; 0.188 V                             ; 2.99e-10 s                 ; 3.75e-10 s                 ; No                        ; Yes                       ;
; out_valid   ; 2.5 V        ; 0 s                 ; 0 s                 ; 2.75 V                       ; 0.000276 V                   ; 2.79 V              ; -0.0289 V           ; 0.314 V                              ; 0.188 V                              ; 2.99e-10 s                  ; 3.75e-10 s                  ; No                         ; Yes                        ; 2.75 V                      ; 0.000276 V                  ; 2.79 V             ; -0.0289 V          ; 0.314 V                             ; 0.188 V                             ; 2.99e-10 s                 ; 3.75e-10 s                 ; No                        ; Yes                       ;
+-------------+--------------+---------------------+---------------------+------------------------------+------------------------------+---------------------+---------------------+--------------------------------------+--------------------------------------+-----------------------------+-----------------------------+----------------------------+----------------------------+-----------------------------+-----------------------------+--------------------+--------------------+-------------------------------------+-------------------------------------+----------------------------+----------------------------+---------------------------+---------------------------+


+-------------------------------------------------------------------+
; Setup Transfers                                                   ;
+------------+----------+----------+----------+----------+----------+
; From Clock ; To Clock ; RR Paths ; FR Paths ; RF Paths ; FF Paths ;
+------------+----------+----------+----------+----------+----------+
; clk        ; clk      ; 20015    ; 0        ; 0        ; 0        ;
+------------+----------+----------+----------+----------+----------+
Entries labeled "false path" only account for clock-to-clock false paths and not path-based false paths. As a result, actual path counts may be lower than reported.


+-------------------------------------------------------------------+
; Hold Transfers                                                    ;
+------------+----------+----------+----------+----------+----------+
; From Clock ; To Clock ; RR Paths ; FR Paths ; RF Paths ; FF Paths ;
+------------+----------+----------+----------+----------+----------+
; clk        ; clk      ; 20015    ; 0        ; 0        ; 0        ;
+------------+----------+----------+----------+----------+----------+
Entries labeled "false path" only account for clock-to-clock false paths and not path-based false paths. As a result, actual path counts may be lower than reported.


+-------------------------------------------------------------------+
; Recovery Transfers                                                ;
+------------+----------+----------+----------+----------+----------+
; From Clock ; To Clock ; RR Paths ; FR Paths ; RF Paths ; FF Paths ;
+------------+----------+----------+----------+----------+----------+
; clk        ; clk      ; 5        ; 0        ; 0        ; 0        ;
+------------+----------+----------+----------+----------+----------+
Entries labeled "false path" only account for clock-to-clock false paths and not path-based false paths. As a result, actual path counts may be lower than reported.


+-------------------------------------------------------------------+
; Removal Transfers                                                 ;
+------------+----------+----------+----------+----------+----------+
; From Clock ; To Clock ; RR Paths ; FR Paths ; RF Paths ; FF Paths ;
+------------+----------+----------+----------+----------+----------+
; clk        ; clk      ; 5        ; 0        ; 0        ; 0        ;
+------------+----------+----------+----------+----------+----------+
Entries labeled "false path" only account for clock-to-clock false paths and not path-based false paths. As a result, actual path counts may be lower than reported.


---------------
; Report TCCS ;
---------------
No dedicated SERDES Transmitter circuitry present in device or used in design


---------------
; Report RSKM ;
---------------
No non-DPA dedicated SERDES Receiver circuitry present in device or used in design


+------------------------------------------------+
; Unconstrained Paths Summary                    ;
+---------------------------------+-------+------+
; Property                        ; Setup ; Hold ;
+---------------------------------+-------+------+
; Illegal Clocks                  ; 0     ; 0    ;
; Unconstrained Clocks            ; 0     ; 0    ;
; Unconstrained Input Ports       ; 0     ; 0    ;
; Unconstrained Input Port Paths  ; 0     ; 0    ;
; Unconstrained Output Ports      ; 0     ; 0    ;
; Unconstrained Output Port Paths ; 0     ; 0    ;
+---------------------------------+-------+------+


+-------------------------------------+
; Clock Status Summary                ;
+--------+-------+------+-------------+
; Target ; Clock ; Type ; Status      ;
+--------+-------+------+-------------+
; clk    ; clk   ; Base ; Constrained ;
+--------+-------+------+-------------+


+--------------------------+
; Timing Analyzer Messages ;
+--------------------------+
Info: *******************************************************************
Info: Running Quartus Prime Timing Analyzer
    Info: Version 18.0.0 Build 614 04/24/2018 SJ Standard Edition
    Info: Processing started: Mon Oct  8 18:57:55 2018
Info: Command: quartus_sta MOA -c MOA
Info: qsta_default_script.tcl version: #2
Info (293031): Detected changes in Quartus Prime Settings File (.qsf).
    Info (293028): Assignment ROUTER_TIMING_OPTIMIZATION_LEVEL changed value from MAXIMUM to NORMAL.
    Info (293028): Assignment PLACEMENT_EFFORT_MULTIPLIER changed value from 4.0 to 1.0.
    Info (293028): Assignment PHYSICAL_SYNTHESIS_COMBO_LOGIC changed value from ON to OFF.
Warning (18236): Number of processors has not been specified which may cause overloading on shared machines.  Set the global assignment NUM_PARALLEL_PROCESSORS in your QSF to an appropriate value for best performance.
Info (20030): Parallel compilation is enabled and will use 4 of the 4 processors detected
Info (21077): Low junction temperature is -40 degrees C
Info (21077): High junction temperature is 100 degrees C
Info (332104): Reading SDC File: 'MOA.sdc'
Info (332096): The command derive_clocks did not find any clocks to derive.  No clocks were created or changed.
Info (332151): Clock uncertainty is not calculated until you update the timing netlist.
Info (332123): Deriving Clock Uncertainty. Please refer to report_sdc in the Timing Analyzer to see clock uncertainties.
Info: Found TIMING_ANALYZER_REPORT_SCRIPT_INCLUDE_DEFAULT_ANALYSIS = ON
Info: Analyzing Slow 850mV 100C Model
Info (332146): Worst-case setup slack is 4.810
    Info (332119):     Slack       End Point TNS Clock 
    Info (332119): ========= =================== =====================
    Info (332119):     4.810               0.000 clk 
Info (332146): Worst-case hold slack is 0.273
    Info (332119):     Slack       End Point TNS Clock 
    Info (332119): ========= =================== =====================
    Info (332119):     0.273               0.000 clk 
Info (332146): Worst-case recovery slack is 13.070
    Info (332119):     Slack       End Point TNS Clock 
    Info (332119): ========= =================== =====================
    Info (332119):    13.070               0.000 clk 
Info (332146): Worst-case removal slack is 4.578
    Info (332119):     Slack       End Point TNS Clock 
    Info (332119): ========= =================== =====================
    Info (332119):     4.578               0.000 clk 
Info (332146): Worst-case minimum pulse width slack is 4.456
    Info (332119):     Slack       End Point TNS Clock 
    Info (332119): ========= =================== =====================
    Info (332119):     4.456               0.000 clk 
Info: Analyzing Slow 850mV -40C Model
Info (334003): Started post-fitting delay annotation
Info (334004): Delay annotation completed successfully
Info (332123): Deriving Clock Uncertainty. Please refer to report_sdc in the Timing Analyzer to see clock uncertainties.
Info (332146): Worst-case setup slack is 4.362
    Info (332119):     Slack       End Point TNS Clock 
    Info (332119): ========= =================== =====================
    Info (332119):     4.362               0.000 clk 
Info (332146): Worst-case hold slack is 0.481
    Info (332119):     Slack       End Point TNS Clock 
    Info (332119): ========= =================== =====================
    Info (332119):     0.481               0.000 clk 
Info (332146): Worst-case recovery slack is 13.678
    Info (332119):     Slack       End Point TNS Clock 
    Info (332119): ========= =================== =====================
    Info (332119):    13.678               0.000 clk 
Info (332146): Worst-case removal slack is 4.288
    Info (332119):     Slack       End Point TNS Clock 
    Info (332119): ========= =================== =====================
    Info (332119):     4.288               0.000 clk 
Info (332146): Worst-case minimum pulse width slack is 4.129
    Info (332119):     Slack       End Point TNS Clock 
    Info (332119): ========= =================== =====================
    Info (332119):     4.129               0.000 clk 
Info: Analyzing Fast 850mV 100C Model
Info (334003): Started post-fitting delay annotation
Info (334004): Delay annotation completed successfully
Info (332123): Deriving Clock Uncertainty. Please refer to report_sdc in the Timing Analyzer to see clock uncertainties.
Info (332146): Worst-case setup slack is 10.885
    Info (332119):     Slack       End Point TNS Clock 
    Info (332119): ========= =================== =====================
    Info (332119):    10.885               0.000 clk 
Info (332146): Worst-case hold slack is 0.112
    Info (332119):     Slack       End Point TNS Clock 
    Info (332119): ========= =================== =====================
    Info (332119):     0.112               0.000 clk 
Info (332146): Worst-case recovery slack is 15.550
    Info (332119):     Slack       End Point TNS Clock 
    Info (332119): ========= =================== =====================
    Info (332119):    15.550               0.000 clk 
Info (332146): Worst-case removal slack is 2.348
    Info (332119):     Slack       End Point TNS Clock 
    Info (332119): ========= =================== =====================
    Info (332119):     2.348               0.000 clk 
Info (332146): Worst-case minimum pulse width slack is 5.000
    Info (332119):     Slack       End Point TNS Clock 
    Info (332119): ========= =================== =====================
    Info (332119):     5.000               0.000 clk 
Info: Analyzing Fast 850mV -40C Model
Info (332123): Deriving Clock Uncertainty. Please refer to report_sdc in the Timing Analyzer to see clock uncertainties.
Info (332146): Worst-case setup slack is 11.599
    Info (332119):     Slack       End Point TNS Clock 
    Info (332119): ========= =================== =====================
    Info (332119):    11.599               0.000 clk 
Info (332146): Worst-case hold slack is 0.144
    Info (332119):     Slack       End Point TNS Clock 
    Info (332119): ========= =================== =====================
    Info (332119):     0.144               0.000 clk 
Info (332146): Worst-case recovery slack is 16.156
    Info (332119):     Slack       End Point TNS Clock 
    Info (332119): ========= =================== =====================
    Info (332119):    16.156               0.000 clk 
Info (332146): Worst-case removal slack is 2.078
    Info (332119):     Slack       End Point TNS Clock 
    Info (332119): ========= =================== =====================
    Info (332119):     2.078               0.000 clk 
Info (332146): Worst-case minimum pulse width slack is 5.000
    Info (332119):     Slack       End Point TNS Clock 
    Info (332119): ========= =================== =====================
    Info (332119):     5.000               0.000 clk 
Info (332101): Design is fully constrained for setup requirements
Info (332101): Design is fully constrained for hold requirements
Info: Quartus Prime Timing Analyzer was successful. 0 errors, 1 warning
    Info: Peak virtual memory: 1768 megabytes
    Info: Processing ended: Mon Oct  8 18:58:01 2018
    Info: Elapsed time: 00:00:06
    Info: Total CPU time (on all processors): 00:00:06


